=== FETCH COMPLETE Thu Sep 10 13:59:56 IST 2026 ===
  ! ask 2022-08-11: HTTP Error 503: Service Unavailable
  repair pass 1: 108 missing ask day(s)
  ! retry ask 2015-06-25: HTTP Error 503: Service Unavailable
  ! retry ask 2015-08-21: HTTP Error 503: Service Unavailable
  repair pass 2: 2 missing ask day(s)

1m bars : 5,270,400 rows (4,140,742 with ticks) -> /Users/ujjwal/XAUUSD/data/processed/XAUUSD_1m.parquet
5m bars : 828,668 rows -> /Users/ujjwal/XAUUSD/data/processed/XAUUSD_5m.parquet
range   : 2015-01-01 23:00:00+00:00 .. 2026-09-09 23:55:00+00:00  (UTC)
price   : 1046.40 .. 5598.26
spread  : median 0.331  p90 0.595
coverage: 3635 sessions with data; 17 weekday(s) with none -> 2015-04-03, 2015-12-25, 2016-01-01, 2016-03-25, 2017-04-14, 2018-03-30, 2019-04-19, 2020-04-10, 2020-12-25, 2021-01-01

=== RE-RUN ON EXTENDED DATA ===
DATA data/processed/XAUUSD_5m.parquet
  828,668 bars  2015-01-01 .. 2026-09-09
  sessions per era:
1_HOLDOUT    1977
2_DESIGN      729
3_FWD         309

====================================================================================================
1. TIME-OF-DAY DECOMPOSITION, gap bars removed, log-return % per year
====================================================================================================
year                2015  2016  2017  2018  2019  2020  2021  2022  2023  2024  2025  2026  TOTAL    bars
blk                                                                                                      
A 22-01 asia-open   -1.7   6.8   3.8   4.1   3.0   4.5   0.3  -7.4   9.7   5.7  12.9  12.8   54.5  129419
B 02-06 asia        11.0  10.7   1.2  -7.1  -2.6  -0.9   8.3   3.1  -3.2   5.1   6.2  -9.4   22.6  180956
C 07-11 london     -21.1  -2.1   0.5   3.9   5.6   4.2  -9.9  -4.9   3.6   7.6   8.3   3.4   -0.8  180958
D 12-16 ny overlap  -3.5  -7.7   4.3  -3.6   2.6   4.5  -4.4   3.9  -5.9  -2.3   8.5  -9.4  -13.1  180946
E 17-21 ny pm       -2.5  -0.6   2.4  -2.7   3.1   1.9  -2.9   3.0   4.6   6.3   7.0  -6.2   13.2  153358

gold total log-return per year (%):
year
2015   -17.9
2016     7.0
2017    12.1
2018    -5.3
2019    11.7
2020    14.2
2021    -8.6
2022    -2.2
2023     8.8
2024    22.4
2025    42.9
2026    -8.8

====================================================================================================
2. AOD with LOCKED parameters (k_in 2/3/4 -> k_out 36/42/48, ex-Sunday)
====================================================================================================
      era    n  mean_bp     t  sharpe  total_pct  maxdd  win
1_HOLDOUT 1581    -3.03 -5.53   -2.21      -47.9  -48.2 39.7
 2_DESIGN  585     0.94  0.99    0.65        5.5   -4.4 50.1
    3_FWD  247     5.91  1.63    1.65       14.6   -5.3 54.3
      ALL 2413    -1.15 -2.02   -0.65      -27.7  -51.6 43.7

by year:
      size  mean      sum   sum%  sharpe
2015   205 -3.81  -781.98  -7.82   -3.29
2016   207 -0.05    -9.67  -0.10   -0.02
2017   207 -2.61  -540.78  -5.41   -2.46
2018   206 -2.75  -566.62  -5.67   -2.69
2019   206 -3.20  -658.82  -6.59   -2.59
2020   207 -3.80  -787.45  -7.87   -2.08
2021   206 -3.22  -663.19  -6.63   -2.81
2022   207 -4.56  -944.23  -9.44   -3.49
2023   207  0.81   166.76   1.67    0.83
2024   207 -0.21   -44.35  -0.44   -0.18
2025   206  4.36   898.10   8.98    2.01
2026   142  8.16  1158.62  11.59    1.83

====================================================================================================
3. SHORT-HOLD (2h) variant: k_in 14/16/18 -> k_out +24, ex-Sunday
====================================================================================================
      era    n  mean_bp     t  sharpe  total_pct  maxdd  win
1_HOLDOUT 1581    -3.26 -6.44   -2.57      -51.6  -52.1 39.7
 2_DESIGN  585     0.24  0.27    0.18        1.4   -6.0 49.9
    3_FWD  247     2.10  0.59    0.60        5.2   -5.0 52.6
      ALL 2413    -1.87 -3.49   -1.13      -45.0  -57.7 43.5

by year:
      size  mean     sum  sum%  sharpe
2015   205 -4.12 -844.93 -8.45   -3.49
2016   207 -1.14 -235.95 -2.36   -0.66
2017   207 -2.99 -619.41 -6.19   -3.40
2018   206 -3.60 -741.21 -7.41   -3.91
2019   206 -2.25 -463.52 -4.64   -1.83
2020   207 -4.27 -882.99 -8.83   -2.48
2021   206 -3.22 -663.87 -6.64   -3.22
2022   207 -4.16 -861.38 -8.61   -3.52
2023   207 -0.31  -63.88 -0.64   -0.35
2024   207 -0.39  -80.70 -0.81   -0.33
2025   206  2.51  516.19  5.16    1.30
2026   142  3.10  439.85  4.40    0.71

====================================================================================================
4. ONE-HOUR variant: k_in 14/16/18 -> k_out +12, ex-Sunday
====================================================================================================
      era    n  mean_bp      t  sharpe  total_pct  maxdd  win
1_HOLDOUT 1581    -3.88 -12.77   -5.10      -61.3  -61.6 31.9
 2_DESIGN  585    -1.60  -3.38   -2.22       -9.4  -10.0 40.7
    3_FWD  247     0.30   0.15    0.15        0.7   -4.1 51.8
      ALL 2413    -2.90  -9.50   -3.07      -69.9  -74.4 36.1

====================================================================================================
5. COST SENSITIVITY on the full 11y sample (extra spread on top of quoted)
====================================================================================================
  +$0.00:  AOD(3.5h) -1.15bp t=-2.02 | SHORT(2h) -1.87bp t=-3.49
  +$0.10:  AOD(3.5h) -1.75bp t=-3.08 | SHORT(2h) -2.47bp t=-4.61
  +$0.20:  AOD(3.5h) -2.35bp t=-4.14 | SHORT(2h) -3.07bp t=-5.73
  +$0.30:  AOD(3.5h) -2.96bp t=-5.19 | SHORT(2h) -3.67bp t=-6.85
  +$0.50:  AOD(3.5h) -4.16bp t=-7.30 | SHORT(2h) -4.88bp t=-9.08

====================================================================================================
6. WINDOW SCAN on 11y — gross drift vs hurdle, holdout vs design+fwd
====================================================================================================
scanned 316 windows. holdout net>0: 0 | both eras net>0: 0

--- top 15 by HOLDOUT net (i.e. best on data never used in design) ---
 hold  k_in  hurdle  hold_g  hold_t  rest_g  rest_t  hold_net  rest_net
   48    73    2.65    1.59    2.02    1.37    0.99     -1.06     -1.28
   36    82    2.65    1.41    2.01    0.87    0.72     -1.24     -1.78
   36    85    2.65    1.38    1.88    0.66    0.51     -1.26     -1.98
   24    97    2.63    1.33    2.08    0.93    0.90     -1.30     -1.70
   48    85    2.65    1.33    1.66    0.21    0.14     -1.32     -2.44
   36    97    2.63    1.27    1.79    0.48    0.37     -1.36     -2.16
   48    76    2.66    1.25    1.57    0.97    0.67     -1.40     -1.68
   48    70    2.65    1.21    1.58    1.51    1.14     -1.44     -1.14
   36    79    2.65    1.19    1.79    1.09    0.90     -1.47     -1.56
   12   106    2.62    1.14    2.57    0.22    0.32     -1.47     -2.40
   36    88    2.65    1.17    1.59    0.09    0.07     -1.48     -2.56
   24    31    2.73    1.23    2.12    0.33    0.28     -1.49     -2.40
   48    82    2.64    1.14    1.45    0.16    0.10     -1.49     -2.48
   48    79    2.64    1.12    1.41    0.64    0.44     -1.52     -2.00
   36    34    2.72    1.19    1.64   -0.62   -0.51     -1.53     -3.35

shortable anywhere (holdout gross < -hurdle): 0

=== SHORT-HOLD SCAN ON EXTENDED DATA ===
data data/processed/XAUUSD_5m.parquet: 828,276 bars, 2015-01-01 .. 2026-09-09, 3015 sessions

====================================================================================================
A. DRIFT PROFILE INSIDE THE ASIA WINDOW — mean gross bp per 6-bar (30min) slice
   If uniform, a 1h slice captures only ~1/4 of a 4h drift but pays the full cost.
====================================================================================================
 slice  is_gross  is_t  oos_gross  hurdle  is_net  oos_net
  k1-7      0.75  4.69      -0.69    3.32   -2.56    -4.00
 k7-13      0.01  0.06       2.13    3.11   -3.10    -0.98
k13-19      0.32  1.88       3.60    3.02   -2.70     0.58
k19-25     -0.07 -0.34       0.43    2.82   -2.88    -2.39
k25-31      0.26  1.11       2.02    2.76   -2.50    -0.74
k31-37      0.60  2.35       0.03    2.75   -2.15    -2.73
k37-43      0.46  1.68      -0.19    2.75   -2.29    -2.93
k43-49     -0.11 -0.42      -1.88    2.72   -2.83    -4.60
k49-55      0.45  2.31      -1.28    2.70   -2.25    -3.99
k55-61     -0.35 -1.66      -0.86    2.71   -3.06    -3.57

cumulative IS gross across slices k1..k49: 2.33 bp   total hurdle if traded as 8 separate 30m trades: 28.67 bp

====================================================================================================
B. FULL-DAY SHORT-HOLD SCAN — every start offset, holds of 12 (1h) and 24 (2h) bars
   Reporting GROSS drift vs hurdle. A window is tradeable only if |gross| > hurdle.
====================================================================================================
scanned 494 windows
  IS net > 0 : 0  (0%)
  IS net > 0 AND OOS net > 0 : 0
  shortable (IS gross < -hurdle): 0

--- top 12 by IS net (long side) ---
 hold  k_in  hurdle  is_g  is_t  oos_g  oos_t  is_net  oos_net  agree
   24    29    2.73  1.57  3.17  -0.90  -0.28   -1.16    -3.63   True
   24    30    2.73  1.57  3.14  -1.00  -0.31   -1.16    -3.73   True
   24    28    2.73  1.46  2.94  -1.35  -0.40   -1.27    -4.08   True
   24    31    2.73  1.40  2.80  -3.31  -1.01   -1.32    -6.03   True
   24    18    2.81  1.41  3.03   3.16   0.86   -1.40     0.35  False
   24   225    2.61  1.20  2.08  -1.43  -0.58   -1.41    -4.04   True
   24    27    2.74  1.31  2.57  -1.30  -0.38   -1.43    -4.04   True
   24    17    2.81  1.35  2.91   3.51   0.95   -1.46     0.70  False
   24    33    2.73  1.26  2.54  -5.21  -1.62   -1.47    -7.94   True
   24    20    2.79  1.32  2.73   2.24   0.63   -1.47    -0.55   True
   24   226    2.60  1.10  1.93  -2.14  -0.84   -1.50    -4.74   True
   24   227    2.62  1.11  1.95  -1.54  -0.57   -1.51    -4.16   True

--- of those, how many keep a positive OOS net? ---
  3/30
